GAMS 47.6.0  c2de9d6d Sep 12, 2024          WEX-WEI x86 64bit/MS Windows - 12/18/25 15:14:04 Page 1
G e n e r a l   A l g e b r a i c   M o d e l i n g   S y s t e m
C o m p i l a t i o n


   1  * Q1.gms - Benny's Bakery (Reference + Counterfactual via switch)
   2   
   3  Sets
   4      i   "products"   / roll, croissant, bread /
   5      s   "scenarios"  / ref, cf /;
   6   
   7  Parameters
   8      rev(i)     "revenue ($/item)"
   9      cost(i)    "cost ($/item)"
  10      time(i)    "labor time (hours/item)"
  11      profit(i)  "unit profit ($/item)"
  12      H          "available labor (hours/week)"
  13      sw_s(s)    "switch for bundling constraint (0=off, 1=on)";
  14   
  15  * Data
  16  rev("roll")      = 2.25;
  17  rev("croissant") = 5.50;
  18  rev("bread")     = 10.00;
  19   
  20  cost("roll")      = 1.50;
  21  cost("croissant") = 2.00;
  22  cost("bread")     = 5.00;
  23   
  24  time("roll")      = 1.50;
  25  time("croissant") = 2.25;
  26  time("bread")     = 5.00;
  27   
  28  H = 40;
  29   
  30  profit(i) = rev(i) - cost(i);
  31   
  32  * Switch values by scenario
  33  sw_s("ref") = 0;
  34  sw_s("cf")  = 1;
  35   
  36  Variables
  37      x(i)  "production (items/week)"
  38      z     "total profit ($/week)";
  39   
  40  Positive Variables x;
  41   
  42  Equations
  43      obj      "objective definition"
  44      labor    "labor-hours constraint"
  45      bundle   "roll required with every croissant (switch-controlled)";
  46   
  47  obj..
  48      z =e= sum(i, profit(i) * x(i));
  49   
  50  labor..
  51      sum(i, time(i) * x(i)) =l= H;
  52   
  53  Scalar sw "bundling switch used in the solve";
  54   
  55  * If sw=0 => x(roll) >= 0 (redundant)
  56  * If sw=1 => x(roll) >= x(croissant)
  57  bundle..
  58      x("roll") =g= sw * x("croissant");
  59   
  60  Model bakery / obj, labor, bundle /;
  61   
  62  * Storage for results
  63  Parameters
  64      xsol(i,s)    "optimal production (items/week)"
  65      profsol(s)   "optimal total profit ($/week)"
  66      timeUsed(s)  "labor hours used (hours/week)";
  67   
  68  Loop(s,
  69      sw = sw_s(s);
  70   
  71      Solve bakery using LP maximizing z;
  72   
  73      xsol(i,s)   = x.l(i);
  74      profsol(s)  = z.l;
  75      timeUsed(s) = sum(i, time(i) * x.l(i));
  76  );
  77   
  78  Display xsol, profsol, timeUsed;


COMPILATION TIME     =        0.000 SECONDS      3 MB  47.6.0 c2de9d6d WEX-WEI
GAMS 47.6.0  c2de9d6d Sep 12, 2024          WEX-WEI x86 64bit/MS Windows - 12/18/25 15:14:04 Page 2
G e n e r a l   A l g e b r a i c   M o d e l i n g   S y s t e m
Equation Listing    SOLVE bakery Using LP From line 71


---- obj  =E=  objective definition

obj..  - 0.75*x(roll) - 3.5*x(croissant) - 5*x(bread) + z =E= 0 ; (LHS = 0)
     

---- labor  =L=  labor-hours constraint

labor..  1.5*x(roll) + 2.25*x(croissant) + 5*x(bread) =L= 40 ; (LHS = 0)
     

---- bundle  =G=  roll required with every croissant (switch-controlled)

bundle..  x(roll) =G= 0 ; (LHS = 0)
     
GAMS 47.6.0  c2de9d6d Sep 12, 2024          WEX-WEI x86 64bit/MS Windows - 12/18/25 15:14:04 Page 3
G e n e r a l   A l g e b r a i c   M o d e l i n g   S y s t e m
Column Listing      SOLVE bakery Using LP From line 71


---- x  production (items/week)

x(roll)
                (.LO, .L, .UP, .M = 0, 0, +INF, 0)
       -0.75    obj
        1.5     labor
        1       bundle

x(croissant)
                (.LO, .L, .UP, .M = 0, 0, +INF, 0)
       -3.5     obj
        2.25    labor

x(bread)
                (.LO, .L, .UP, .M = 0, 0, +INF, 0)
       -5       obj
        5       labor


---- z  total profit ($/week)

z
                (.LO, .L, .UP, .M = -INF, 0, +INF, 0)
        1       obj

GAMS 47.6.0  c2de9d6d Sep 12, 2024          WEX-WEI x86 64bit/MS Windows - 12/18/25 15:14:04 Page 4
G e n e r a l   A l g e b r a i c   M o d e l i n g   S y s t e m
Range Statistics    SOLVE bakery Using LP From line 71


RANGE STATISTICS (ABSOLUTE NON-ZERO FINITE VALUES)

RHS       [min, max] : [ 4.000E+01, 4.000E+01] - Zero values observed as well
Bound     [min, max] : [        NA,        NA] - Zero values observed as well
Matrix    [min, max] : [ 7.500E-01, 5.000E+00]

GAMS 47.6.0  c2de9d6d Sep 12, 2024          WEX-WEI x86 64bit/MS Windows - 12/18/25 15:14:04 Page 5
G e n e r a l   A l g e b r a i c   M o d e l i n g   S y s t e m
Model Statistics    SOLVE bakery Using LP From line 71


LOOPS                                    s   ref


MODEL STATISTICS

BLOCKS OF EQUATIONS           3     SINGLE EQUATIONS            3
BLOCKS OF VARIABLES           2     SINGLE VARIABLES            4
NON ZERO ELEMENTS             8


GENERATION TIME      =        0.297 SECONDS      4 MB  47.6.0 c2de9d6d WEX-WEI
               L O O P S                  s ref

GAMS 47.6.0  c2de9d6d Sep 12, 2024          WEX-WEI x86 64bit/MS Windows - 12/18/25 15:14:04 Page 6
G e n e r a l   A l g e b r a i c   M o d e l i n g   S y s t e m
Solution Report     SOLVE bakery Using LP From line 71


               S O L V E      S U M M A R Y

     MODEL   bakery              OBJECTIVE  z
     TYPE    LP                  DIRECTION  MAXIMIZE
     SOLVER  CPLEX               FROM LINE  71

**** SOLVER STATUS     1 Normal Completion
**** MODEL STATUS      1 Optimal
**** OBJECTIVE VALUE               62.2222

 RESOURCE USAGE, LIMIT          0.015 10000000000.000
 ITERATION COUNT, LIMIT         0    2147483647
--- GAMS/CPLEX licensed for continuous and discrete problems.
--- GMO setup time: 0.00s
--- GMO memory 0.50 Mb (peak 0.50 Mb)
--- Dictionary memory 0.00 Mb
--- Cplex 22.1.1.0 link memory 0.00 Mb (peak 0.00 Mb)
--- Starting Cplex


--- LP status (1): optimal.
--- Cplex Time: 0.01sec (det. 0.00 ticks)


Optimal solution found
Objective:           62.222222


                           LOWER          LEVEL          UPPER         MARGINAL

---- EQU obj                 .              .              .             1.0000      
---- EQU labor             -INF           40.0000        40.0000         1.5556      
---- EQU bundle              .              .            +INF             .          

  obj  objective definition
  labor  labor-hours constraint
  bundle  roll required with every croissant (switch-controlled)

---- VAR x  production (items/week)

                 LOWER          LEVEL          UPPER         MARGINAL

roll               .              .            +INF           -1.5833      
croissant          .            17.7778        +INF             .          
bread              .              .            +INF           -2.7778      

                           LOWER          LEVEL          UPPER         MARGINAL

---- VAR z                 -INF           62.2222        +INF             .          

  z  total profit ($/week)


**** REPORT SUMMARY :        0     NONOPT
                             0 INFEASIBLE
                             0  UNBOUNDED
GAMS 47.6.0  c2de9d6d Sep 12, 2024          WEX-WEI x86 64bit/MS Windows - 12/18/25 15:14:04 Page 7
G e n e r a l   A l g e b r a i c   M o d e l i n g   S y s t e m
Equation Listing    SOLVE bakery Using LP From line 71


---- obj  =E=  objective definition

obj..  - 0.75*x(roll) - 3.5*x(croissant) - 5*x(bread) + z =E= 0 ; (LHS = 0)
     

---- labor  =L=  labor-hours constraint

labor..  1.5*x(roll) + 2.25*x(croissant) + 5*x(bread) =L= 40 ; (LHS = 40)
     

---- bundle  =G=  roll required with every croissant (switch-controlled)

bundle..  x(roll) - x(croissant) =G= 0 ; (LHS = -17.7777777777778, INFES = 17.7777777777778 ****)
     
GAMS 47.6.0  c2de9d6d Sep 12, 2024          WEX-WEI x86 64bit/MS Windows - 12/18/25 15:14:04 Page 8
G e n e r a l   A l g e b r a i c   M o d e l i n g   S y s t e m
Column Listing      SOLVE bakery Using LP From line 71


---- x  production (items/week)

x(roll)
                (.LO, .L, .UP, .M = 0, 0, +INF, -1.58333333333333)
       -0.75    obj
        1.5     labor
        1       bundle

x(croissant)
                (.LO, .L, .UP, .M = 0, 17.7777777777778, +INF, 0)
       -3.5     obj
        2.25    labor
       -1       bundle

x(bread)
                (.LO, .L, .UP, .M = 0, 0, +INF, -2.77777777777778)
       -5       obj
        5       labor


---- z  total profit ($/week)

z
                (.LO, .L, .UP, .M = -INF, 62.2222222222222, +INF, 0)
        1       obj

GAMS 47.6.0  c2de9d6d Sep 12, 2024          WEX-WEI x86 64bit/MS Windows - 12/18/25 15:14:04 Page 9
G e n e r a l   A l g e b r a i c   M o d e l i n g   S y s t e m
Range Statistics    SOLVE bakery Using LP From line 71


RANGE STATISTICS (ABSOLUTE NON-ZERO FINITE VALUES)

RHS       [min, max] : [ 4.000E+01, 4.000E+01] - Zero values observed as well
Bound     [min, max] : [        NA,        NA] - Zero values observed as well
Matrix    [min, max] : [ 7.500E-01, 5.000E+00]

GAMS 47.6.0  c2de9d6d Sep 12, 2024          WEX-WEI x86 64bit/MS Windows - 12/18/25 15:14:04 Page 10
G e n e r a l   A l g e b r a i c   M o d e l i n g   S y s t e m
Model Statistics    SOLVE bakery Using LP From line 71


LOOPS                                    s   cf


MODEL STATISTICS

BLOCKS OF EQUATIONS           3     SINGLE EQUATIONS            3
BLOCKS OF VARIABLES           2     SINGLE VARIABLES            4
NON ZERO ELEMENTS             9


GENERATION TIME      =        0.016 SECONDS      4 MB  47.6.0 c2de9d6d WEX-WEI
               L O O P S                  s cf

GAMS 47.6.0  c2de9d6d Sep 12, 2024          WEX-WEI x86 64bit/MS Windows - 12/18/25 15:14:04 Page 11
G e n e r a l   A l g e b r a i c   M o d e l i n g   S y s t e m
Solution Report     SOLVE bakery Using LP From line 71


               S O L V E      S U M M A R Y

     MODEL   bakery              OBJECTIVE  z
     TYPE    LP                  DIRECTION  MAXIMIZE
     SOLVER  CPLEX               FROM LINE  71

**** SOLVER STATUS     1 Normal Completion
**** MODEL STATUS      1 Optimal
**** OBJECTIVE VALUE               45.3333

 RESOURCE USAGE, LIMIT          0.000 10000000000.000
 ITERATION COUNT, LIMIT         0    2147483647
--- GAMS/CPLEX licensed for continuous and discrete problems.
--- GMO setup time: 0.00s
--- GMO memory 0.50 Mb (peak 0.50 Mb)
--- Dictionary memory 0.00 Mb
--- Cplex 22.1.1.0 link memory 0.00 Mb (peak 0.00 Mb)
--- Starting Cplex


--- LP status (1): optimal.
--- Cplex Time: 0.00sec (det. 0.00 ticks)


Optimal solution found
Objective:           45.333333


                           LOWER          LEVEL          UPPER         MARGINAL

---- EQU obj                 .              .              .             1.0000      
---- EQU labor             -INF           40.0000        40.0000         1.1333      
---- EQU bundle              .              .            +INF           -0.9500      

  obj  objective definition
  labor  labor-hours constraint
  bundle  roll required with every croissant (switch-controlled)

---- VAR x  production (items/week)

                 LOWER          LEVEL          UPPER         MARGINAL

roll               .            10.6667        +INF             .          
croissant          .            10.6667        +INF             .          
bread              .              .            +INF           -0.6667      

                           LOWER          LEVEL          UPPER         MARGINAL

---- VAR z                 -INF           45.3333        +INF             .          

  z  total profit ($/week)


**** REPORT SUMMARY :        0     NONOPT
                             0 INFEASIBLE
                             0  UNBOUNDED
GAMS 47.6.0  c2de9d6d Sep 12, 2024          WEX-WEI x86 64bit/MS Windows - 12/18/25 15:14:04 Page 12
G e n e r a l   A l g e b r a i c   M o d e l i n g   S y s t e m
E x e c u t i o n


----     78 PARAMETER xsol  optimal production (items/week)

                  ref          cf

roll                       10.667
croissant      17.778      10.667


----     78 PARAMETER profsol  optimal total profit ($/week)

ref 62.222,    cf  45.333


----     78 PARAMETER timeUsed  labor hours used (hours/week)

ref 40.000,    cf  40.000



EXECUTION TIME       =        1.344 SECONDS      4 MB  47.6.0 c2de9d6d WEX-WEI


USER: Computational Economics EBGN 645               G250827|0002AO-GEN
      Colorado School of Mines, Operations Research Department  DCE4628
      License for teaching and research at degree granting institutions


**** FILE SUMMARY

Input      C:\Users\tyler\OneDrive\Documents\College\Mines\Coding Project Files\Linnebur_EGBN645\HW1\Q1.gms
Output     C:\Users\tyler\OneDrive\Documents\College\Mines\Coding Project Files\Linnebur_EGBN645\HW1\Q1.lst
