GAMS 47.6.0  c2de9d6d Sep 12, 2024          WEX-WEI x86 64bit/MS Windows - 10/22/25 12:51:52 Page 1
Nuclear LCOE Model — Indices, Parameters, Variables, Objective, Constraints (draft/skeleton)
C o m p i l a t i o n


   2   
   3  *--------------------------------------------------
   4  * Indices / Sets
   5  set
   6      s   "scenarios"            / s1*sN /     * e.g., s1*s1000 later
****                                       $764    $409
**** 409  Unrecognizable item - skip to find a new statement
****        looking for a ';' or a key word to get started again
**** 764  Could not extract number in <element> * <element> list
   7      t   "operating years"      / t1*tT / ;   * e.g., t1*t60 later
****                                               $409
**** 409  Unrecognizable item - skip to find a new statement
****        looking for a ';' or a key word to get started again
   8   
   9  alias (t,tt) ;
****             $157
**** 157  No known set found in alias list
  10   
  11  *--------------------------------------------------
  12  * Parameters (placeholders; data filled later)
  13  scalar
  14      Cbase    "baseline EPC capital ($)"
  15      r        "risk-adjusted discount rate (WACC + premium, decimal)"
  16      Tlife    "financial lifetime (years)" ;
  17   
  18  parameter
  19      pi(s)    "scenario probability (sum_s pi(s)=1)"
  20      phi(s)   "cost overrun multiplier in scenario s (decimal, e.g., 0.25)"
  21      dlt(s)   "construction delay from FID to COD in scenario s (years)"
  22      p(t)     "expected real price in year t ($/MWh)"
  23      Q(t)     "expected energy in year t (MWh)"
  24      PVden(s) "PV of expected revenues denominator for scenario s (to be computed later)" ;
  25   
  26  *--------------------------------------------------
  27  * Variables
  28  binary variable
  29      x        "build decision (1=build, 0=do not build)" ;
  30   
  31  variable
  32      Z        "objective value: expected LCOE" ;
  33   
  34  *--------------------------------------------------
  35  * Objective Function (expected LCOE)
  36  equation
  37      eq_objfn "minimize expected LCOE across scenarios" ;
  38   
  39  eq_objfn..
  40      Z =e= sum(s, pi(s) * ( Cbase * (1 + phi(s)) * power(1 + r, dlt(s)) / PVden(s) ) );
  41   
  42  *--------------------------------------------------
  43  * Constraints
  44  equation
  45      prob_norm      "scenario probabilities sum to one"
  46      prob_nonneg(s) "scenario probabilities nonnegative"
  47      delay_lower(s) "delay lower bound"
  48      delay_upper(s) "delay upper bound"
  49      overrun_lower(s) "cost overrun lower bound"
  50      overrun_upper(s) "cost overrun upper bound"
  51      feas_num_pos(s) "capitalized cost (numerator) positive"
  52      feas_den_pos(s) "discounted revenue (denominator) positive" ;

**** 4 ERROR(S)   0 WARNING(S)


COMPILATION TIME     =        0.094 SECONDS      3 MB  47.6.0 c2de9d6d WEX-WEI


USER: Computational Economics EBGN 645               G250827|0002AO-GEN
      Colorado School of Mines, Operations Research Department  DCE4628
      License for teaching and research at degree granting institutions


**** FILE SUMMARY

Input      C:\Users\tyler\OneDrive\Documents\College\Mines\Coding Project Files\Linnebur_EGBN645\Project\v1.txt
Output     C:\Users\tyler\OneDrive\Documents\College\Mines\Coding Project Files\Linnebur_EGBN645\Project\v1.lst

**** USER ERROR(S) ENCOUNTERED
